\BOOKMARK [1][-]{section.1}{\376\377\000B\000i\000t\000f\000i\000e\000l\000d\000\040\000\050\000b\000i\000t\000f\000i\000e\000l\000d\000.\000c\000\051}{}% 1
\BOOKMARK [2][-]{subsection.1.1}{\376\377\000s\000e\000t\000\137\000b\000i\000t}{section.1}% 2
\BOOKMARK [2][-]{subsection.1.2}{\376\377\000c\000l\000e\000a\000r\000\137\000b\000i\000t}{section.1}% 3
\BOOKMARK [2][-]{subsection.1.3}{\376\377\000t\000o\000g\000g\000l\000e\000\137\000b\000i\000t}{section.1}% 4
\BOOKMARK [2][-]{subsection.1.4}{\376\377\000g\000e\000t\000\137\000b\000i\000t}{section.1}% 5
\BOOKMARK [2][-]{subsection.1.5}{\376\377\000c\000o\000u\000n\000t\000\137\000o\000n\000e\000s}{section.1}% 6
\BOOKMARK [2][-]{subsection.1.6}{\376\377\000p\000a\000c\000k\000\137\000r\000g\000b\000\040\000/\000\040\000u\000n\000p\000a\000c\000k\000\137\000r\000g\000b}{section.1}% 7
\BOOKMARK [1][-]{section.2}{\376\377\000W\000a\000r\000e\000h\000o\000u\000s\000e\000\040\000/\000\040\000I\000n\000v\000e\000n\000t\000o\000r\000y\000\040\000\050\000i\000n\000v\000e\000n\000t\000o\000r\000y\000.\000c\000\051}{}% 8
\BOOKMARK [2][-]{subsection.2.1}{\376\377\000w\000a\000r\000e\000h\000o\000u\000s\000e\000\137\000c\000r\000e\000a\000t\000e\000\040\000/\000\040\000w\000a\000r\000e\000h\000o\000u\000s\000e\000\137\000d\000e\000s\000t\000r\000o\000y}{section.2}% 9
\BOOKMARK [2][-]{subsection.2.2}{\376\377\000w\000a\000r\000e\000h\000o\000u\000s\000e\000\137\000a\000d\000d\000\137\000p\000r\000o\000d\000u\000c\000t}{section.2}% 10
\BOOKMARK [2][-]{subsection.2.3}{\376\377\000w\000a\000r\000e\000h\000o\000u\000s\000e\000\137\000r\000e\000m\000o\000v\000e\000\137\000b\000y\000\137\000i\000d}{section.2}% 11
\BOOKMARK [2][-]{subsection.2.4}{\376\377\000w\000a\000r\000e\000h\000o\000u\000s\000e\000\137\000f\000i\000n\000d\000\137\000b\000y\000\137\000n\000a\000m\000e\000\040\000/\000\040\000w\000a\000r\000e\000h\000o\000u\000s\000e\000\137\000t\000o\000t\000a\000l\000\137\000v\000a\000l\000u\000e}{section.2}% 12
\BOOKMARK [2][-]{subsection.2.5}{\376\377\000w\000a\000r\000e\000h\000o\000u\000s\000e\000\137\000s\000o\000r\000t\000\137\000b\000y\000\137\000p\000r\000i\000c\000e}{section.2}% 13
\BOOKMARK [1][-]{section.3}{\376\377\000V\000e\000r\000k\000e\000t\000t\000e\000t\000e\000\040\000L\000i\000s\000t\000e\000\040\000\050\000l\000i\000n\000k\000e\000d\000l\000i\000s\000t\000.\000c\000\051}{}% 14
\BOOKMARK [2][-]{subsection.3.1}{\376\377\000s\000l\000i\000s\000t\000\137\000c\000r\000e\000a\000t\000e\000\040\000/\000\040\000s\000l\000i\000s\000t\000\137\000d\000e\000s\000t\000r\000o\000y}{section.3}% 15
\BOOKMARK [2][-]{subsection.3.2}{\376\377\000s\000l\000i\000s\000t\000\137\000p\000u\000s\000h\000\137\000f\000r\000o\000n\000t\000\040\000/\000\040\000s\000l\000i\000s\000t\000\137\000p\000u\000s\000h\000\137\000b\000a\000c\000k}{section.3}% 16
\BOOKMARK [2][-]{subsection.3.3}{\376\377\000s\000l\000i\000s\000t\000\137\000p\000o\000p\000\137\000f\000r\000o\000n\000t}{section.3}% 17
\BOOKMARK [2][-]{subsection.3.4}{\376\377\000s\000l\000i\000s\000t\000\137\000r\000e\000m\000o\000v\000e\000\137\000a\000t}{section.3}% 18
\BOOKMARK [2][-]{subsection.3.5}{\376\377\000s\000l\000i\000s\000t\000\137\000i\000n\000s\000e\000r\000t\000i\000o\000n\000\137\000s\000o\000r\000t}{section.3}% 19
\BOOKMARK [2][-]{subsection.3.6}{\376\377\000s\000l\000i\000s\000t\000\137\000r\000e\000v\000e\000r\000s\000e\000\040\000/\000\040\000s\000l\000i\000s\000t\000\137\000t\000o\000\137\000a\000r\000r\000a\000y}{section.3}% 20
\BOOKMARK [1][-]{section.4}{\376\377\000R\000e\000k\000u\000r\000s\000i\000o\000n\000\040\000\050\000r\000e\000c\000u\000r\000s\000i\000o\000n\000.\000c\000\051}{}% 21
\BOOKMARK [2][-]{subsection.4.1}{\376\377\000f\000a\000s\000t\000\137\000p\000o\000w\000e\000r}{section.4}% 22
\BOOKMARK [2][-]{subsection.4.2}{\376\377\000g\000c\000d}{section.4}% 23
\BOOKMARK [2][-]{subsection.4.3}{\376\377\000h\000a\000n\000o\000i}{section.4}% 24
\BOOKMARK [2][-]{subsection.4.4}{\376\377\000c\000o\000u\000n\000t\000\137\000p\000a\000t\000h\000s\000\040\000/\000\040\000c\000o\000u\000n\000t\000\137\000p\000a\000t\000h\000s\000\137\000m\000e\000m\000o}{section.4}% 25
\BOOKMARK [1][-]{section.5}{\376\377\000E\000n\000c\000o\000d\000i\000n\000g\000\040\000\050\000e\000n\000c\000o\000d\000e\000.\000c\000\051}{}% 26
\BOOKMARK [2][-]{subsection.5.1}{\376\377\000c\000a\000e\000s\000a\000r\000\137\000e\000n\000c\000o\000d\000e\000\040\000/\000\040\000c\000a\000e\000s\000a\000r\000\137\000d\000e\000c\000o\000d\000e}{section.5}% 27
\BOOKMARK [2][-]{subsection.5.2}{\376\377\000x\000o\000r\000\137\000e\000n\000c\000o\000d\000e}{section.5}% 28
\BOOKMARK [2][-]{subsection.5.3}{\376\377\000i\000s\000\137\000r\000o\000t\000a\000t\000i\000o\000n}{section.5}% 29
\BOOKMARK [2][-]{subsection.5.4}{\376\377\000r\000l\000e\000\137\000e\000n\000c\000o\000d\000e\000\040\000/\000\040\000r\000l\000e\000\137\000d\000e\000c\000o\000d\000e}{section.5}% 30
\BOOKMARK [1][-]{section.6}{\376\377\000E\000x\000a\000m\000\040\000P\000r\000e\000p\000\040\000F\000u\000n\000k\000t\000i\000o\000n\000e\000n\000\040\000\050\000e\000x\000a\000m\000\137\000p\000r\000e\000p\000.\000c\000\051}{}% 31
\BOOKMARK [2][-]{subsection.6.1}{\376\377\000c\000o\000m\000p\000r\000e\000s\000s\000\137\000r\000l\000e}{section.6}% 32
\BOOKMARK [2][-]{subsection.6.2}{\376\377\000f\000i\000n\000d\000\137\000l\000o\000w\000e\000s\000t\000\137\000s\000t\000o\000c\000k\000\040\000/\000\040\000a\000p\000p\000l\000y\000\137\000d\000i\000s\000c\000o\000u\000n\000t}{section.6}% 33
\BOOKMARK [2][-]{subsection.6.3}{\376\377\000c\000r\000e\000a\000t\000e\000\137\000m\000a\000t\000r\000i\000x\000\040\000/\000\040\000t\000r\000a\000n\000s\000p\000o\000s\000e\000\137\000m\000a\000t\000r\000i\000x\000\040\000/\000\040\000f\000r\000e\000e\000\137\000m\000a\000t\000r\000i\000x}{section.6}% 34
\BOOKMARK [2][-]{subsection.6.4}{\376\377\000l\000i\000s\000t\000\137\000a\000p\000p\000e\000n\000d\000\040\000/\000\040\000l\000i\000s\000t\000\137\000f\000i\000l\000t\000e\000r\000\137\000e\000v\000e\000n\000\040\000/\000\040\000l\000i\000s\000t\000\137\000f\000r\000e\000e}{section.6}% 35
\BOOKMARK [1][-]{section.7}{\376\377\000E\000x\000a\000m\000-\000P\000r\000e\000p\0002}{}% 36
\BOOKMARK [2][-]{subsection.7.1}{\376\377\000S\000t\000r\000i\000n\000g\000s}{section.7}% 37
\BOOKMARK [2][-]{subsection.7.2}{\376\377\000S\000t\000r\000u\000c\000t\000s}{section.7}% 38
\BOOKMARK [2][-]{subsection.7.3}{\376\377\000S\000t\000a\000c\000k}{section.7}% 39
\BOOKMARK [2][-]{subsection.7.4}{\376\377\000L\000i\000n\000k\000e\000d\000L\000i\000s\000t}{section.7}% 40
